[0.766s] Invoking command in '/home/abhirami/test_ws/src/robot_fsm': PYTHONPATH=/home/abhirami/test_ws/build/robot_fsm/prefix_override:/usr/lib/python3/dist-packages/colcon_core/task/python/colcon_distutils_commands:/home/abhirami/test_ws/install/robot_fsm/lib/python3.10/site-packages:${PYTHONPATH} /usr/bin/python3 -W ignore:setup.py install is deprecated -W ignore:easy_install command is deprecated setup.py egg_info --egg-base ../../build/robot_fsm build --build-base /home/abhirami/test_ws/build/robot_fsm/build install --record /home/abhirami/test_ws/build/robot_fsm/install.log --single-version-externally-managed install_data
[1.031s] running egg_info
[1.032s] writing ../../build/robot_fsm/robot_fsm.egg-info/PKG-INFO
[1.035s] writing dependency_links to ../../build/robot_fsm/robot_fsm.egg-info/dependency_links.txt
[1.035s] writing entry points to ../../build/robot_fsm/robot_fsm.egg-info/entry_points.txt
[1.036s] writing requirements to ../../build/robot_fsm/robot_fsm.egg-info/requires.txt
[1.036s] writing top-level names to ../../build/robot_fsm/robot_fsm.egg-info/top_level.txt
[1.038s] reading manifest file '../../build/robot_fsm/robot_fsm.egg-info/SOURCES.txt'
[1.039s] writing manifest file '../../build/robot_fsm/robot_fsm.egg-info/SOURCES.txt'
[1.040s] running build
[1.040s] running build_py
[1.041s] running install
[1.041s] running install_lib
[1.043s] running install_data
[1.043s] running install_egg_info
[1.045s] removing '/home/abhirami/test_ws/install/robot_fsm/lib/python3.10/site-packages/robot_fsm-0.0.0-py3.10.egg-info' (and everything under it)
[1.045s] Copying ../../build/robot_fsm/robot_fsm.egg-info to /home/abhirami/test_ws/install/robot_fsm/lib/python3.10/site-packages/robot_fsm-0.0.0-py3.10.egg-info
[1.046s] running install_scripts
[1.071s] Installing obstacle_avoidance script to /home/abhirami/test_ws/install/robot_fsm/lib/robot_fsm
[1.071s] writing list of installed files to '/home/abhirami/test_ws/build/robot_fsm/install.log'
[1.096s] Invoked command in '/home/abhirami/test_ws/src/robot_fsm' returned '0': PYTHONPATH=/home/abhirami/test_ws/build/robot_fsm/prefix_override:/usr/lib/python3/dist-packages/colcon_core/task/python/colcon_distutils_commands:/home/abhirami/test_ws/install/robot_fsm/lib/python3.10/site-packages:${PYTHONPATH} /usr/bin/python3 -W ignore:setup.py install is deprecated -W ignore:easy_install command is deprecated setup.py egg_info --egg-base ../../build/robot_fsm build --build-base /home/abhirami/test_ws/build/robot_fsm/build install --record /home/abhirami/test_ws/build/robot_fsm/install.log --single-version-externally-managed install_data
