running egg_info
creating ../../build/robot_fsm/robot_fsm.egg-info
writing ../../build/robot_fsm/robot_fsm.egg-info/PKG-INFO
writing dependency_links to ../../build/robot_fsm/robot_fsm.egg-info/dependency_links.txt
writing entry points to ../../build/robot_fsm/robot_fsm.egg-info/entry_points.txt
writing requirements to ../../build/robot_fsm/robot_fsm.egg-info/requires.txt
writing top-level names to ../../build/robot_fsm/robot_fsm.egg-info/top_level.txt
writing manifest file '../../build/robot_fsm/robot_fsm.egg-info/SOURCES.txt'
reading manifest file '../../build/robot_fsm/robot_fsm.egg-info/SOURCES.txt'
writing manifest file '../../build/robot_fsm/robot_fsm.egg-info/SOURCES.txt'
running build
running build_py
creating /home/abhirami/test_ws/build/robot_fsm/build
creating /home/abhirami/test_ws/build/robot_fsm/build/lib
creating /home/abhirami/test_ws/build/robot_fsm/build/lib/robot_fsm
copying robot_fsm/__init__.py -> /home/abhirami/test_ws/build/robot_fsm/build/lib/robot_fsm
copying robot_fsm/obstacle_avoidance.py -> /home/abhirami/test_ws/build/robot_fsm/build/lib/robot_fsm
running install
running install_lib
creating /home/abhirami/test_ws/install/robot_fsm/lib/python3.10/site-packages/robot_fsm
copying /home/abhirami/test_ws/build/robot_fsm/build/lib/robot_fsm/__init__.py -> /home/abhirami/test_ws/install/robot_fsm/lib/python3.10/site-packages/robot_fsm
copying /home/abhirami/test_ws/build/robot_fsm/build/lib/robot_fsm/obstacle_avoidance.py -> /home/abhirami/test_ws/install/robot_fsm/lib/python3.10/site-packages/robot_fsm
byte-compiling /home/abhirami/test_ws/install/robot_fsm/lib/python3.10/site-packages/robot_fsm/__init__.py to __init__.cpython-310.pyc
byte-compiling /home/abhirami/test_ws/install/robot_fsm/lib/python3.10/site-packages/robot_fsm/obstacle_avoidance.py to obstacle_avoidance.cpython-310.pyc
running install_data
creating /home/abhirami/test_ws/install/robot_fsm/share/ament_index
creating /home/abhirami/test_ws/install/robot_fsm/share/ament_index/resource_index
creating /home/abhirami/test_ws/install/robot_fsm/share/ament_index/resource_index/packages
copying resource/robot_fsm -> /home/abhirami/test_ws/install/robot_fsm/share/ament_index/resource_index/packages
copying package.xml -> /home/abhirami/test_ws/install/robot_fsm/share/robot_fsm
running install_egg_info
Copying ../../build/robot_fsm/robot_fsm.egg-info to /home/abhirami/test_ws/install/robot_fsm/lib/python3.10/site-packages/robot_fsm-0.0.0-py3.10.egg-info
running install_scripts
writing list of installed files to '/home/abhirami/test_ws/build/robot_fsm/install.log'
