[0.405s] Invoking command in '/home/abhirami/test_ws/src/robot_fsm': PYTHONPATH=/home/abhirami/test_ws/build/robot_fsm/prefix_override:/usr/lib/python3/dist-packages/colcon_core/task/python/colcon_distutils_commands:/home/abhirami/test_ws/install/robot_fsm/lib/python3.10/site-packages:${PYTHONPATH} /usr/bin/python3 -W ignore:setup.py install is deprecated -W ignore:easy_install command is deprecated setup.py egg_info --egg-base ../../build/robot_fsm build --build-base /home/abhirami/test_ws/build/robot_fsm/build install --record /home/abhirami/test_ws/build/robot_fsm/install.log --single-version-externally-managed install_data
[0.567s] running egg_info
[0.567s] writing ../../build/robot_fsm/robot_fsm.egg-info/PKG-INFO
[0.567s] writing dependency_links to ../../build/robot_fsm/robot_fsm.egg-info/dependency_links.txt
[0.567s] writing entry points to ../../build/robot_fsm/robot_fsm.egg-info/entry_points.txt
[0.567s] writing requirements to ../../build/robot_fsm/robot_fsm.egg-info/requires.txt
[0.567s] writing top-level names to ../../build/robot_fsm/robot_fsm.egg-info/top_level.txt
[0.568s] reading manifest file '../../build/robot_fsm/robot_fsm.egg-info/SOURCES.txt'
[0.569s] writing manifest file '../../build/robot_fsm/robot_fsm.egg-info/SOURCES.txt'
[0.569s] running build
[0.569s] running build_py
[0.569s] running install
[0.569s] running install_lib
[0.570s] running install_data
[0.570s] running install_egg_info
[0.571s] removing '/home/abhirami/test_ws/install/robot_fsm/lib/python3.10/site-packages/robot_fsm-0.0.0-py3.10.egg-info' (and everything under it)
[0.571s] Copying ../../build/robot_fsm/robot_fsm.egg-info to /home/abhirami/test_ws/install/robot_fsm/lib/python3.10/site-packages/robot_fsm-0.0.0-py3.10.egg-info
[0.572s] running install_scripts
[0.585s] Installing obstacle_avoidance script to /home/abhirami/test_ws/install/robot_fsm/lib/robot_fsm
[0.586s] writing list of installed files to '/home/abhirami/test_ws/build/robot_fsm/install.log'
[0.601s] Invoked command in '/home/abhirami/test_ws/src/robot_fsm' returned '0': PYTHONPATH=/home/abhirami/test_ws/build/robot_fsm/prefix_override:/usr/lib/python3/dist-packages/colcon_core/task/python/colcon_distutils_commands:/home/abhirami/test_ws/install/robot_fsm/lib/python3.10/site-packages:${PYTHONPATH} /usr/bin/python3 -W ignore:setup.py install is deprecated -W ignore:easy_install command is deprecated setup.py egg_info --egg-base ../../build/robot_fsm build --build-base /home/abhirami/test_ws/build/robot_fsm/build install --record /home/abhirami/test_ws/build/robot_fsm/install.log --single-version-externally-managed install_data
